// Jest Snapshot v1, https://goo.gl/fbAQLP

exports[`bundle with svelte 1`] = `
"function noop() {
}
function run(fn) {
  return fn();
}
function blank_object() {
  return Object.create(null);
}
function run_all(fns) {
  fns.forEach(run);
}
function is_function(thing) {
  return typeof thing === \\"function\\";
}
function safe_not_equal(a, b) {
  return a != a ? b == b : a !== b || (a && typeof a === \\"object\\" || typeof a === \\"function\\");
}
function is_empty(obj) {
  return Object.keys(obj).length === 0;
}
function append(target, node) {
  target.appendChild(node);
}
function insert(target, node, anchor) {
  target.insertBefore(node, anchor || null);
}
function detach(node) {
  node.parentNode.removeChild(node);
}
function element(name) {
  return document.createElement(name);
}
function attr(node, attribute, value) {
  if (value == null)
    node.removeAttribute(attribute);
  else if (node.getAttribute(attribute) !== value)
    node.setAttribute(attribute, value);
}
function children(element2) {
  return Array.from(element2.childNodes);
}
let current_component;
function set_current_component(component) {
  current_component = component;
}
const dirty_components = [];
const binding_callbacks = [];
const render_callbacks = [];
const flush_callbacks = [];
const resolved_promise = Promise.resolve();
let update_scheduled = false;
function schedule_update() {
  if (!update_scheduled) {
    update_scheduled = true;
    resolved_promise.then(flush);
  }
}
function add_render_callback(fn) {
  render_callbacks.push(fn);
}
let flushing = false;
const seen_callbacks = new Set();
function flush() {
  if (flushing)
    return;
  flushing = true;
  do {
    for (let i = 0; i < dirty_components.length; i += 1) {
      const component = dirty_components[i];
      set_current_component(component);
      update(component.$$);
    }
    set_current_component(null);
    dirty_components.length = 0;
    while (binding_callbacks.length)
      binding_callbacks.pop()();
    for (let i = 0; i < render_callbacks.length; i += 1) {
      const callback = render_callbacks[i];
      if (!seen_callbacks.has(callback)) {
        seen_callbacks.add(callback);
        callback();
      }
    }
    render_callbacks.length = 0;
  } while (dirty_components.length);
  while (flush_callbacks.length) {
    flush_callbacks.pop()();
  }
  update_scheduled = false;
  flushing = false;
  seen_callbacks.clear();
}
function update($$) {
  if ($$.fragment !== null) {
    $$.update();
    run_all($$.before_update);
    const dirty = $$.dirty;
    $$.dirty = [-1];
    $$.fragment && $$.fragment.p($$.ctx, dirty);
    $$.after_update.forEach(add_render_callback);
  }
}
const outroing = new Set();
function transition_in(block, local) {
  if (block && block.i) {
    outroing.delete(block);
    block.i(local);
  }
}
function mount_component(component, target, anchor, customElement) {
  const {fragment, on_mount, on_destroy: on_destroy2, after_update} = component.$$;
  fragment && fragment.m(target, anchor);
  if (!customElement) {
    add_render_callback(() => {
      const new_on_destroy = on_mount.map(run).filter(is_function);
      if (on_destroy2) {
        on_destroy2.push(...new_on_destroy);
      } else {
        run_all(new_on_destroy);
      }
      component.$$.on_mount = [];
    });
  }
  after_update.forEach(add_render_callback);
}
function destroy_component(component, detaching) {
  const $$ = component.$$;
  if ($$.fragment !== null) {
    run_all($$.on_destroy);
    $$.fragment && $$.fragment.d(detaching);
    $$.on_destroy = $$.fragment = null;
    $$.ctx = [];
  }
}
function make_dirty(component, i) {
  if (component.$$.dirty[0] === -1) {
    dirty_components.push(component);
    schedule_update();
    component.$$.dirty.fill(0);
  }
  component.$$.dirty[i / 31 | 0] |= 1 << i % 31;
}
function init(component, options, instance, create_fragment, not_equal2, props, dirty = [-1]) {
  const parent_component = current_component;
  set_current_component(component);
  const $$ = component.$$ = {
    fragment: null,
    ctx: null,
    props,
    update: noop,
    not_equal: not_equal2,
    bound: blank_object(),
    on_mount: [],
    on_destroy: [],
    on_disconnect: [],
    before_update: [],
    after_update: [],
    context: new Map(parent_component ? parent_component.$$.context : []),
    callbacks: blank_object(),
    dirty,
    skip_bound: false
  };
  let ready = false;
  $$.ctx = instance ? instance(component, options.props || {}, (i, ret, ...rest) => {
    const value = rest.length ? rest[0] : ret;
    if ($$.ctx && not_equal2($$.ctx[i], $$.ctx[i] = value)) {
      if (!$$.skip_bound && $$.bound[i])
        $$.bound[i](value);
      if (ready)
        make_dirty(component, i);
    }
    return ret;
  }) : [];
  $$.update();
  ready = true;
  run_all($$.before_update);
  $$.fragment = create_fragment ? create_fragment($$.ctx) : false;
  if (options.target) {
    if (options.hydrate) {
      const nodes = children(options.target);
      $$.fragment && $$.fragment.l(nodes);
      nodes.forEach(detach);
    } else {
      $$.fragment && $$.fragment.c();
    }
    if (options.intro)
      transition_in(component.$$.fragment);
    mount_component(component, options.target, options.anchor, options.customElement);
    flush();
  }
  set_current_component(parent_component);
}
class SvelteComponent {
  $destroy() {
    destroy_component(this, 1);
    this.$destroy = noop;
  }
  $on(type, callback) {
    const callbacks = this.$$.callbacks[type] || (this.$$.callbacks[type] = []);
    callbacks.push(callback);
    return () => {
      const index = callbacks.indexOf(callback);
      if (index !== -1)
        callbacks.splice(index, 1);
    };
  }
  $set($$props) {
    if (this.$$set && !is_empty($$props)) {
      this.$$.skip_bound = true;
      this.$$set($$props);
      this.$$.skip_bound = false;
    }
  }
}

/* generated by Svelte v3.29.7 */
function add_css() {
    var style = element(\\"style\\");
    style.id = \\"svelte-17agfn1-style\\";
    style.textContent = \\".text.svelte-17agfn1{color:red}\\";
    append(document.head, style);
}
function create_fragment(ctx) {
    let span;
    return {
        c() {
            span = element(\\"span\\");
            span.textContent = \`\${x}\`;
            attr(span, \\"class\\", \\"text svelte-17agfn1\\");
        },
        m(target, anchor) {
            insert(target, span, anchor);
        },
        p: noop,
        i: noop,
        o: noop,
        d(detaching) {
            if (detaching)
                detach(span);
        }
    };
}
let x = 1;
class Component extends SvelteComponent {
    constructor(options) {
        super();
        if (!document.getElementById(\\"svelte-17agfn1-style\\"))
            add_css();
        init(this, options, null, create_fragment, safe_not_equal, {});
    }
}

new Component({ target: document.body });
"
`;
